// Jest Snapshot v1, https://goo.gl/fbAQLP

exports[`Test Contact queries should list all contacts  1`] = `
Object {
  "data": Object {
    "listContacts": Array [
      Object {
        "email": "humam@company.com",
        "name": "Humam Abo Alraja",
      },
      Object {
        "email": "john@company.com",
        "name": "John",
      },
      Object {
        "email": "emma@company.com",
        "name": "Emma Mockassin",
      },
      Object {
        "email": "alex@company.com",
        "name": "Alex Smith",
      },
    ],
  },
  "errors": undefined,
  "extensions": undefined,
  "http": Object {
    "headers": Headers {
      Symbol(map): Object {},
    },
  },
}
`;
