// Jest Snapshot v1, https://goo.gl/fbAQLP

exports[`Test Contact queries should list all contacts  1`] = `
Object {
  "data": Object {
    "listContacts": Array [
      Object {
        "createdAt": "1637612483916",
        "email": "humam@company.com",
        "id": "ckwb46vkc0000m1hf9823y9qe",
        "name": "Humam Abo Alraja",
        "updatedAt": "1637612483917",
      },
      Object {
        "createdAt": "1637612483932",
        "email": "john@company.com",
        "id": "ckwb46vks0007m1hfuq4e2eaz",
        "name": "John",
        "updatedAt": "1637612483933",
      },
      Object {
        "createdAt": "1637612483942",
        "email": "emma@company.com",
        "id": "ckwb46vl20014m1hfx3d51ars",
        "name": "Emma Mockassin",
        "updatedAt": "1637612483943",
      },
      Object {
        "createdAt": "1637612483951",
        "email": "alex@company.com",
        "id": "ckwb46vlb0021m1hf3khm4m99",
        "name": "Alex Smith",
        "updatedAt": "1637612483952",
      },
    ],
  },
  "errors": undefined,
  "extensions": undefined,
  "http": Object {
    "headers": Headers {
      Symbol(map): Object {},
    },
  },
}
`;
